VERIFY cloudsen12/dofa/frozen/42
RESULT cloudsen12/dofa/frozen/42 PASS {}
VERIFY cloudsen12/dofa/full_finetune/42
RESULT cloudsen12/dofa/full_finetune/42 PASS {}
VERIFY cloudsen12/panopticon/frozen/42
RESULT cloudsen12/panopticon/frozen/42 PASS {}
VERIFY cloudsen12/panopticon/frozen/43
RESULT cloudsen12/panopticon/frozen/43 PASS {}
VERIFY cloudsen12/panopticon/frozen/44
RESULT cloudsen12/panopticon/frozen/44 PASS {}
VERIFY cloudsen12/panopticon/full_finetune/42
RESULT cloudsen12/panopticon/full_finetune/42 PASS {}
VERIFY spacenet7/dofa/frozen/42
RESULT spacenet7/dofa/frozen/42 PASS {}
VERIFY spacenet7/dofa/full_finetune/42
RESULT spacenet7/dofa/full_finetune/42 PASS {}
VERIFY spacenet7/dofa/full_finetune/43
RESULT spacenet7/dofa/full_finetune/43 PASS {}
VERIFY spacenet7/dofa/full_finetune/44
RESULT spacenet7/dofa/full_finetune/44 PASS {}
VERIFY spacenet7/panopticon/frozen/42
RESULT spacenet7/panopticon/frozen/42 PASS {}
VERIFY spacenet7/panopticon/full_finetune/42
RESULT spacenet7/panopticon/full_finetune/42 PASS {}
{
  "expected_count": 12,
  "verified_count": 12,
  "passed": 12,
  "failed": 0,
  "pending": [],
  "complete": true,
  "maximum_absolute_metric_difference": 7.67587519656665e-08,
  "verifier_path": "reports/core_rq_completion_20260921/verify_segmentation_off.py",
  "verifier_sha256": "78e6e371097ba216eb4542cc3799b78e2e67c644463854bbd4d3284aa04bc3f0",
  "no_project_metric_imports": true,
  "foreground_convention": "Clip and logarithm retain native probability dtype; float64 accumulation; no log-softmax retransform for dropout-off logits export.",
  "paired_verification": "Direct complete ID/label/mask arrays and SHA256 from old deterministic and MC source NPZs."
}
