20260807T103233022656Z_eurosat_dofa_frozen_bnlinear_seed42_338e2700 True True changed 0 unmatched []
20260807T104927933179Z_eurosat_dofa_frozen_bnlinear_seed43_3567033c True True changed 0 unmatched []
20260807T110954653187Z_eurosat_dofa_frozen_bnlinear_seed44_36c48b49 True True changed 0 unmatched []
20260826T071945460412Z_c5_mcd_eurosat_dofa_frozen_seed42_f8504b02 True True changed 0 unmatched []
20260826T111327093147Z_c5_mcd_eurosat_dofa_frozen_seed43_436609ea True True changed 0 unmatched []
20260826T112829704413Z_c5_mcd_eurosat_dofa_frozen_seed44_1ebcff7b True True changed 0 unmatched []
20260808T211626550846Z_eurosat_dofa_full_finetune_seed42_466f9f00 True True changed 169 unmatched []
20260808T215707981044Z_eurosat_dofa_full_finetune_seed43_53c8b069 True True changed 169 unmatched []
20260808T225252226548Z_eurosat_dofa_full_finetune_seed44_a9291cb9 True True changed 169 unmatched []
20260826T114721092234Z_c5_mcd_eurosat_dofa_full_finetune_seed42_9d07512e True True changed 169 unmatched []
20260815T195254997519Z_eurosat_panopticon_frozen_bnlinear_seed42_74d738b8 True True changed 0 unmatched ['pos_embed']
20260815T231227548291Z_eurosat_panopticon_frozen_bnlinear_seed43_743e193d True True changed 0 unmatched ['pos_embed']
20260816T004654290690Z_eurosat_panopticon_frozen_bnlinear_seed44_4f21cdf8 True True changed 0 unmatched ['pos_embed']
20260826T130252227124Z_c5_mcd_eurosat_panopticon_frozen_seed42_ba0d13ac True True changed 0 unmatched ['pos_embed']
20260815T210816909227Z_eurosat_panopticon_full_finetune_seed42_d280d48a True True changed 178 unmatched ['pos_embed']
20260816T023205454878Z_eurosat_panopticon_full_finetune_seed43_e304fee6 True True changed 178 unmatched ['pos_embed']
20260816T034514128137Z_eurosat_panopticon_full_finetune_seed44_0883c676 True True changed 178 unmatched ['pos_embed']
20260826T121529608269Z_c5_mcd_eurosat_panopticon_full_finetune_seed42_25cdb219 True True changed 178 unmatched ['pos_embed']
20260815T202926010453Z_treesatai_dofa_frozen_seed42_3dae0e5b True True changed 0 unmatched []
20260816T012149418043Z_treesatai_dofa_frozen_seed43_d484c9b3 True True changed 0 unmatched []
20260816T013516128703Z_treesatai_dofa_frozen_seed44_f16a2a61 True True changed 0 unmatched []
20260826T133122444037Z_c5_mcd_treesatai_dofa_frozen_seed42_1b4cab86 True True changed 0 unmatched []
20260815T222120553265Z_treesatai_dofa_full_finetune_seed42_9845090f True True changed 169 unmatched []
20260816T050303117850Z_treesatai_dofa_full_finetune_seed43_e40f79f2 True True changed 169 unmatched []
20260816T051814359617Z_treesatai_dofa_full_finetune_seed44_6a6f8fd9 True True changed 169 unmatched []
20260826T123202780258Z_c5_mcd_treesatai_dofa_full_finetune_seed42_617d7518 True True changed 169 unmatched []
20260815T204959852998Z_treesatai_panopticon_frozen_seed42_5c8cc8e4 True True changed 0 unmatched ['pos_embed']
20260816T014811037405Z_treesatai_panopticon_frozen_seed43_baa4ef7a True True changed 0 unmatched ['pos_embed']
20260816T020829175076Z_treesatai_panopticon_frozen_seed44_341d0eca True True changed 0 unmatched ['pos_embed']
20260826T124630941184Z_c5_mcd_treesatai_panopticon_frozen_seed42_4f216ca7 True True changed 0 unmatched ['pos_embed']
20260815T223733845323Z_treesatai_panopticon_full_finetune_seed42_432b3047 True True changed 178 unmatched ['pos_embed']
20260816T053348883249Z_treesatai_panopticon_full_finetune_seed43_b7ae4087 True True changed 178 unmatched ['pos_embed']
20260816T060624868595Z_treesatai_panopticon_full_finetune_seed44_d6d97c6a True True changed 178 unmatched ['pos_embed']
20260826T074610277789Z_c5_mcd_treesatai_panopticon_full_finetune_seed42_c06b6282 True True changed 178 unmatched ['pos_embed']
20260826T111326975579Z_c5_mcd_treesatai_panopticon_full_finetune_seed43_a5ddbffa True True changed 178 unmatched ['pos_embed']
20260826T114425744236Z_c5_mcd_treesatai_panopticon_full_finetune_seed44_4db2cd96 True True changed 178 unmatched ['pos_embed']
20260823T212554430984Z_cloudsen12_dofa_frozen_seed42_5d8edd5b True True changed 0 unmatched []
20260824T063305175307Z_cloudsen12_dofa_frozen_seed43_d20a830e True True changed 0 unmatched []
20260824T135116679838Z_cloudsen12_dofa_frozen_seed44_2cce2dc4 True True changed 0 unmatched []
20260826T053857477078Z_c5_mcd_cloudsen12_dofa_frozen_seed42_03adea4b True True changed 0 unmatched []
20260823T224711552022Z_cloudsen12_dofa_full_finetune_seed42_9e2211d7 True True changed 169 unmatched []
20260824T041629083560Z_cloudsen12_dofa_full_finetune_seed43_6547906a True True changed 169 unmatched []
20260824T084553296954Z_cloudsen12_dofa_full_finetune_seed44_9c298bb6 True True changed 169 unmatched []
20260826T005937744917Z_c5_mcd_cloudsen12_dofa_full_finetune_seed42_c6f6480b True True changed 169 unmatched []
20260824T024636502649Z_cloudsen12_panopticon_frozen_seed42_987db5bf True True changed 0 unmatched ['pos_embed']
20260824T073937493619Z_cloudsen12_panopticon_frozen_seed43_9688327e True True changed 0 unmatched ['pos_embed']
20260824T150154916514Z_cloudsen12_panopticon_frozen_seed44_953e2ce2 True True changed 0 unmatched ['pos_embed']
20260826T005938295761Z_c5_mcd_cloudsen12_panopticon_frozen_seed42_ddbc39b9 True True changed 0 unmatched ['pos_embed']
20260826T014423173137Z_c5_mcd_cloudsen12_panopticon_frozen_seed43_c2d49439 True True changed 0 unmatched ['pos_embed']
20260826T024651151376Z_c5_mcd_cloudsen12_panopticon_frozen_seed44_48328b8b True True changed 0 unmatched ['pos_embed']
20260824T002903622341Z_cloudsen12_panopticon_full_finetune_seed42_797a0b89 True True changed 178 unmatched ['pos_embed']
20260824T055703693822Z_cloudsen12_panopticon_full_finetune_seed43_8e8dc6a5 True True changed 178 unmatched ['pos_embed']
20260824T102603117304Z_cloudsen12_panopticon_full_finetune_seed44_fde03f5e True True changed 178 unmatched ['pos_embed']
20260826T035216258322Z_c5_mcd_cloudsen12_panopticon_full_finetune_seed42_ce5ec096 True True changed 178 unmatched ['pos_embed']
20260823T212554554121Z_spacenet7_dofa_frozen_seed42_bb178c28 True True changed 0 unmatched []
20260824T084249767853Z_spacenet7_dofa_frozen_seed43_30065f6d True True changed 0 unmatched []
20260824T131025872125Z_spacenet7_dofa_frozen_seed44_505d5ab5 True True changed 0 unmatched []
20260826T064233375001Z_c5_mcd_spacenet7_dofa_frozen_seed42_cbb9d838 True True changed 0 unmatched []
20260823T223417473200Z_spacenet7_dofa_full_finetune_seed42_6349d2a1 True True changed 169 unmatched []
20260824T041628970344Z_spacenet7_dofa_full_finetune_seed43_2a812094 True True changed 169 unmatched []
20260824T105029720150Z_spacenet7_dofa_full_finetune_seed44_0e9c0a7e True True changed 169 unmatched []
20260826T023619555012Z_c5_mcd_spacenet7_dofa_full_finetune_seed42_d7cd73ff True True changed 169 unmatched []
20260826T030824004411Z_c5_mcd_spacenet7_dofa_full_finetune_seed43_331db539 True True changed 169 unmatched []
20260826T034830012709Z_c5_mcd_spacenet7_dofa_full_finetune_seed44_51fdda93 True True changed 169 unmatched []
20260824T012909480544Z_spacenet7_panopticon_frozen_seed42_5bc79e91 True True changed 0 unmatched ['pos_embed']
20260824T093212435964Z_spacenet7_panopticon_frozen_seed43_7a04c439 True True changed 0 unmatched ['pos_embed']
20260824T140818811757Z_spacenet7_panopticon_frozen_seed44_0f56f5e4 True True changed 0 unmatched ['pos_embed']
20260826T043459352021Z_c5_mcd_spacenet7_panopticon_frozen_seed42_6a5475ee True True changed 0 unmatched ['pos_embed']
20260823T233635521819Z_spacenet7_panopticon_full_finetune_seed42_b6b452b4 True True changed 178 unmatched ['pos_embed']
20260824T050749487080Z_spacenet7_panopticon_full_finetune_seed43_efe0a455 True True changed 178 unmatched ['pos_embed']
20260824T115507474539Z_spacenet7_panopticon_full_finetune_seed44_f73c1ae1 True True changed 178 unmatched ['pos_embed']
20260826T062053387434Z_c5_mcd_spacenet7_panopticon_full_finetune_seed42_a9cabedd True True changed 178 unmatched ['pos_embed']
DONE 72
