eurosat/dofa/frozen/deterministic/42 metric_mismatches {} failed_checks {}
eurosat/dofa/frozen/deterministic/43 metric_mismatches {} failed_checks {}
eurosat/dofa/frozen/deterministic/44 metric_mismatches {} failed_checks {}
eurosat/dofa/frozen/temperature_scaling/42 metric_mismatches {} failed_checks {}
eurosat/dofa/frozen/temperature_scaling/43 metric_mismatches {} failed_checks {}
eurosat/dofa/frozen/temperature_scaling/44 metric_mismatches {} failed_checks {}
eurosat/dofa/frozen/mc_dropout/42 metric_mismatches {} failed_checks {}
eurosat/dofa/frozen/mc_dropout/43 metric_mismatches {} failed_checks {}
eurosat/dofa/frozen/mc_dropout/44 metric_mismatches {} failed_checks {}
eurosat/dofa/frozen/deep_ensemble/ metric_mismatches {} failed_checks {}
eurosat/dofa/full_finetune/deterministic/42 metric_mismatches {} failed_checks {}
eurosat/dofa/full_finetune/deterministic/43 metric_mismatches {} failed_checks {}
eurosat/dofa/full_finetune/deterministic/44 metric_mismatches {} failed_checks {}
eurosat/dofa/full_finetune/temperature_scaling/42 metric_mismatches {} failed_checks {}
eurosat/dofa/full_finetune/temperature_scaling/43 metric_mismatches {} failed_checks {}
eurosat/dofa/full_finetune/temperature_scaling/44 metric_mismatches {} failed_checks {}
eurosat/dofa/full_finetune/mc_dropout/42 metric_mismatches {} failed_checks {}
eurosat/dofa/full_finetune/deep_ensemble/ metric_mismatches {} failed_checks {}
eurosat/panopticon/frozen/deterministic/42 metric_mismatches {} failed_checks {}
eurosat/panopticon/frozen/deterministic/43 metric_mismatches {} failed_checks {}
eurosat/panopticon/frozen/deterministic/44 metric_mismatches {} failed_checks {}
eurosat/panopticon/frozen/temperature_scaling/42 metric_mismatches {} failed_checks {}
eurosat/panopticon/frozen/temperature_scaling/43 metric_mismatches {} failed_checks {}
eurosat/panopticon/frozen/temperature_scaling/44 metric_mismatches {} failed_checks {}
eurosat/panopticon/frozen/mc_dropout/42 metric_mismatches {} failed_checks {}
eurosat/panopticon/frozen/deep_ensemble/ metric_mismatches {} failed_checks {}
eurosat/panopticon/full_finetune/deterministic/42 metric_mismatches {} failed_checks {}
eurosat/panopticon/full_finetune/deterministic/43 metric_mismatches {} failed_checks {}
eurosat/panopticon/full_finetune/deterministic/44 metric_mismatches {} failed_checks {}
eurosat/panopticon/full_finetune/temperature_scaling/42 metric_mismatches {} failed_checks {}
eurosat/panopticon/full_finetune/temperature_scaling/43 metric_mismatches {} failed_checks {}
eurosat/panopticon/full_finetune/temperature_scaling/44 metric_mismatches {} failed_checks {}
eurosat/panopticon/full_finetune/mc_dropout/42 metric_mismatches {} failed_checks {}
eurosat/panopticon/full_finetune/deep_ensemble/ metric_mismatches {} failed_checks {}
treesatai/dofa/frozen/deterministic/42 metric_mismatches {} failed_checks {}
treesatai/dofa/frozen/deterministic/43 metric_mismatches {} failed_checks {}
treesatai/dofa/frozen/deterministic/44 metric_mismatches {} failed_checks {}
treesatai/dofa/frozen/mc_dropout/42 metric_mismatches {} failed_checks {}
treesatai/dofa/frozen/deep_ensemble/ metric_mismatches {} failed_checks {}
treesatai/dofa/full_finetune/deterministic/42 metric_mismatches {} failed_checks {}
treesatai/dofa/full_finetune/deterministic/43 metric_mismatches {} failed_checks {}
treesatai/dofa/full_finetune/deterministic/44 metric_mismatches {} failed_checks {}
treesatai/dofa/full_finetune/mc_dropout/42 metric_mismatches {} failed_checks {}
treesatai/dofa/full_finetune/deep_ensemble/ metric_mismatches {} failed_checks {}
treesatai/panopticon/frozen/deterministic/42 metric_mismatches {} failed_checks {}
treesatai/panopticon/frozen/deterministic/43 metric_mismatches {} failed_checks {}
treesatai/panopticon/frozen/deterministic/44 metric_mismatches {} failed_checks {}
treesatai/panopticon/frozen/mc_dropout/42 metric_mismatches {} failed_checks {}
treesatai/panopticon/frozen/deep_ensemble/ metric_mismatches {} failed_checks {}
treesatai/panopticon/full_finetune/deterministic/42 metric_mismatches {} failed_checks {}
treesatai/panopticon/full_finetune/deterministic/43 metric_mismatches {} failed_checks {}
treesatai/panopticon/full_finetune/deterministic/44 metric_mismatches {} failed_checks {}
treesatai/panopticon/full_finetune/mc_dropout/42 metric_mismatches {} failed_checks {}
treesatai/panopticon/full_finetune/mc_dropout/43 metric_mismatches {} failed_checks {}
treesatai/panopticon/full_finetune/mc_dropout/44 metric_mismatches {} failed_checks {}
treesatai/panopticon/full_finetune/deep_ensemble/ metric_mismatches {} failed_checks {}
DONE classification 56
