skip eurosat__dofa__frozen__deep_ensemble
skip eurosat__dofa__full_finetune__deep_ensemble
skip eurosat__panopticon__frozen__deep_ensemble
skip eurosat__panopticon__full_finetune__deep_ensemble
done treesatai__dofa__frozen__deep_ensemble seconds 10.51
done treesatai__dofa__full_finetune__deep_ensemble seconds 10.25
done treesatai__panopticon__frozen__deep_ensemble seconds 10.02
done treesatai__panopticon__full_finetune__deep_ensemble seconds 10.19
done eurosat__dofa__frozen__deterministic__42 seconds 0.66
done eurosat__dofa__frozen__deterministic__43 seconds 0.67
done eurosat__dofa__frozen__deterministic__44 seconds 0.66
done eurosat__dofa__full_finetune__deterministic__42 seconds 0.67
done eurosat__dofa__full_finetune__deterministic__43 seconds 0.65
done eurosat__dofa__full_finetune__deterministic__44 seconds 0.63
done eurosat__panopticon__frozen__deterministic__42 seconds 0.64
done eurosat__panopticon__frozen__deterministic__43 seconds 0.67
done eurosat__panopticon__frozen__deterministic__44 seconds 0.66
done eurosat__panopticon__full_finetune__deterministic__42 seconds 0.68
done eurosat__panopticon__full_finetune__deterministic__43 seconds 0.66
done eurosat__panopticon__full_finetune__deterministic__44 seconds 0.63
done treesatai__dofa__frozen__deterministic__42 seconds 2.64
done treesatai__dofa__frozen__deterministic__43 seconds 2.68
done treesatai__dofa__frozen__deterministic__44 seconds 2.7
done treesatai__dofa__full_finetune__deterministic__42 seconds 2.73
done treesatai__dofa__full_finetune__deterministic__43 seconds 2.6
done treesatai__dofa__full_finetune__deterministic__44 seconds 2.72
done treesatai__panopticon__frozen__deterministic__42 seconds 2.64
done treesatai__panopticon__frozen__deterministic__43 seconds 2.56
done treesatai__panopticon__frozen__deterministic__44 seconds 2.62
done treesatai__panopticon__full_finetune__deterministic__42 seconds 2.63
done treesatai__panopticon__full_finetune__deterministic__43 seconds 2.71
done treesatai__panopticon__full_finetune__deterministic__44 seconds 2.7
done eurosat__dofa__frozen__mc_dropout__42 seconds 1.19
done eurosat__dofa__frozen__mc_dropout__43 seconds 1.26
done eurosat__dofa__frozen__mc_dropout__44 seconds 1.18
done eurosat__dofa__full_finetune__mc_dropout__42 seconds 1.22
done eurosat__panopticon__frozen__mc_dropout__42 seconds 1.19
done eurosat__panopticon__full_finetune__mc_dropout__42 seconds 1.22
done treesatai__dofa__frozen__mc_dropout__42 seconds 10.12
done treesatai__dofa__full_finetune__mc_dropout__42 seconds 10.26
done treesatai__panopticon__frozen__mc_dropout__42 seconds 10.11
done treesatai__panopticon__full_finetune__mc_dropout__42 seconds 10.16
done treesatai__panopticon__full_finetune__mc_dropout__43 seconds 10.05
done treesatai__panopticon__full_finetune__mc_dropout__44 seconds 10.19
done eurosat__dofa__frozen__temperature_scaling__42 seconds 0.7
done eurosat__dofa__frozen__temperature_scaling__43 seconds 0.7
done eurosat__dofa__frozen__temperature_scaling__44 seconds 0.7
done eurosat__dofa__full_finetune__temperature_scaling__42 seconds 0.7
done eurosat__dofa__full_finetune__temperature_scaling__43 seconds 0.68
done eurosat__dofa__full_finetune__temperature_scaling__44 seconds 0.68
done eurosat__panopticon__frozen__temperature_scaling__42 seconds 0.69
done eurosat__panopticon__frozen__temperature_scaling__43 seconds 0.68
done eurosat__panopticon__frozen__temperature_scaling__44 seconds 0.7
done eurosat__panopticon__full_finetune__temperature_scaling__42 seconds 0.7
done eurosat__panopticon__full_finetune__temperature_scaling__43 seconds 0.7
done eurosat__panopticon__full_finetune__temperature_scaling__44 seconds 0.73
done eurosat__dofa__frozen__mc_dropout_off__42 seconds 0.63
done eurosat__dofa__frozen__mc_dropout_off__43 seconds 0.65
done eurosat__dofa__frozen__mc_dropout_off__44 seconds 0.64
done eurosat__dofa__full_finetune__mc_dropout_off__42 seconds 0.63
done eurosat__panopticon__frozen__mc_dropout_off__42 seconds 0.63
done eurosat__panopticon__full_finetune__mc_dropout_off__42 seconds 0.64
done treesatai__dofa__frozen__mc_dropout_off__42 seconds 2.58
done treesatai__dofa__full_finetune__mc_dropout_off__42 seconds 2.57
done treesatai__panopticon__frozen__mc_dropout_off__42 seconds 2.57
done treesatai__panopticon__full_finetune__mc_dropout_off__42 seconds 2.58
done treesatai__panopticon__full_finetune__mc_dropout_off__43 seconds 2.61
done treesatai__panopticon__full_finetune__mc_dropout_off__44 seconds 2.57
