skip cloudsen12__dofa__frozen__deep_ensemble
done cloudsen12__dofa__full_finetune__deep_ensemble seconds 24.1
done cloudsen12__panopticon__frozen__deep_ensemble seconds 24.22
done cloudsen12__panopticon__full_finetune__deep_ensemble seconds 23.94
done spacenet7__dofa__frozen__deep_ensemble seconds 22.94
done spacenet7__dofa__full_finetune__deep_ensemble seconds 22.71
done spacenet7__panopticon__frozen__deep_ensemble seconds 23.05
done spacenet7__panopticon__full_finetune__deep_ensemble seconds 23.16
done cloudsen12__dofa__frozen__deterministic__42 seconds 19.9
done cloudsen12__dofa__full_finetune__deterministic__42 seconds 19.77
done cloudsen12__panopticon__frozen__deterministic__42 seconds 19.69
done cloudsen12__panopticon__full_finetune__deterministic__42 seconds 19.8
done spacenet7__dofa__frozen__deterministic__42 seconds 19.26
done spacenet7__dofa__full_finetune__deterministic__42 seconds 18.54
done spacenet7__panopticon__frozen__deterministic__42 seconds 18.82
done spacenet7__panopticon__full_finetune__deterministic__42 seconds 18.58
done cloudsen12__dofa__frozen__mc_dropout__42 seconds 43.11
done cloudsen12__dofa__full_finetune__mc_dropout__42 seconds 42.32
done cloudsen12__panopticon__frozen__mc_dropout__42 seconds 41.68
done cloudsen12__panopticon__full_finetune__mc_dropout__42 seconds 41.99
done spacenet7__dofa__frozen__mc_dropout__42 seconds 36.59
done spacenet7__dofa__full_finetune__mc_dropout__42 seconds 37.1
done spacenet7__panopticon__frozen__mc_dropout__42 seconds 36.43
done spacenet7__panopticon__full_finetune__mc_dropout__42 seconds 36.57
done cloudsen12__dofa__frozen__mc_dropout_off__42 seconds 19.02
done cloudsen12__dofa__full_finetune__mc_dropout_off__42 seconds 18.95
done cloudsen12__panopticon__frozen__mc_dropout_off__42 seconds 19.01
done cloudsen12__panopticon__full_finetune__mc_dropout_off__42 seconds 19.03
done spacenet7__dofa__frozen__mc_dropout_off__42 seconds 18.75
done spacenet7__dofa__full_finetune__mc_dropout_off__42 seconds 18.79
done spacenet7__panopticon__frozen__mc_dropout_off__42 seconds 18.6
done spacenet7__panopticon__full_finetune__mc_dropout_off__42 seconds 18.52
