GPU=0 config=configs/cloudsen12_full_finetune_final.yaml seed=43 start=2026-08-24T04:16:25Z
Initializing normalizer from class: ZScoreNormalizer
Initializing normalizer from class: ZScoreNormalizer
Initializing normalizer from class: ZScoreNormalizer
[cloudsen12_dofa_full_finetune seed=43] epoch=1 train_loss=0.851112 val_miou=0.431046 best_epoch=1 patience=0/15
[cloudsen12_dofa_full_finetune seed=43] epoch=2 train_loss=0.620046 val_miou=0.456984 best_epoch=2 patience=0/15
[cloudsen12_dofa_full_finetune seed=43] epoch=3 train_loss=0.540013 val_miou=0.560195 best_epoch=3 patience=0/15
[cloudsen12_dofa_full_finetune seed=43] epoch=4 train_loss=0.499144 val_miou=0.573865 best_epoch=4 patience=0/15
[cloudsen12_dofa_full_finetune seed=43] epoch=5 train_loss=0.461395 val_miou=0.598783 best_epoch=5 patience=0/15
[cloudsen12_dofa_full_finetune seed=43] epoch=6 train_loss=0.435337 val_miou=0.591760 best_epoch=5 patience=1/15
[cloudsen12_dofa_full_finetune seed=43] epoch=7 train_loss=0.413299 val_miou=0.526488 best_epoch=5 patience=2/15
[cloudsen12_dofa_full_finetune seed=43] epoch=8 train_loss=0.394833 val_miou=0.617267 best_epoch=8 patience=0/15
[cloudsen12_dofa_full_finetune seed=43] epoch=9 train_loss=0.380214 val_miou=0.628484 best_epoch=9 patience=0/15
[cloudsen12_dofa_full_finetune seed=43] epoch=10 train_loss=0.362961 val_miou=0.598626 best_epoch=9 patience=1/15
[cloudsen12_dofa_full_finetune seed=43] epoch=11 train_loss=0.341601 val_miou=0.612139 best_epoch=9 patience=2/15
[cloudsen12_dofa_full_finetune seed=43] epoch=12 train_loss=0.336418 val_miou=0.619355 best_epoch=9 patience=3/15
[cloudsen12_dofa_full_finetune seed=43] epoch=13 train_loss=0.351579 val_miou=0.608751 best_epoch=9 patience=4/15
[cloudsen12_dofa_full_finetune seed=43] epoch=14 train_loss=0.323537 val_miou=0.631586 best_epoch=14 patience=0/15
[cloudsen12_dofa_full_finetune seed=43] epoch=15 train_loss=0.307237 val_miou=0.607910 best_epoch=14 patience=1/15
[cloudsen12_dofa_full_finetune seed=43] epoch=16 train_loss=0.309506 val_miou=0.609521 best_epoch=14 patience=2/15
[cloudsen12_dofa_full_finetune seed=43] epoch=17 train_loss=0.292701 val_miou=0.626245 best_epoch=14 patience=3/15
[cloudsen12_dofa_full_finetune seed=43] epoch=18 train_loss=0.284827 val_miou=0.629292 best_epoch=14 patience=4/15
[cloudsen12_dofa_full_finetune seed=43] epoch=19 train_loss=0.285336 val_miou=0.642257 best_epoch=19 patience=0/15
[cloudsen12_dofa_full_finetune seed=43] epoch=20 train_loss=0.281619 val_miou=0.642879 best_epoch=20 patience=0/15
[cloudsen12_dofa_full_finetune seed=43] epoch=21 train_loss=0.255474 val_miou=0.641943 best_epoch=20 patience=1/15
[cloudsen12_dofa_full_finetune seed=43] epoch=22 train_loss=0.264214 val_miou=0.651635 best_epoch=22 patience=0/15
[cloudsen12_dofa_full_finetune seed=43] epoch=23 train_loss=0.259092 val_miou=0.652270 best_epoch=23 patience=0/15
[cloudsen12_dofa_full_finetune seed=43] epoch=24 train_loss=0.239574 val_miou=0.645550 best_epoch=23 patience=1/15
[cloudsen12_dofa_full_finetune seed=43] epoch=25 train_loss=0.230744 val_miou=0.647161 best_epoch=23 patience=2/15
[cloudsen12_dofa_full_finetune seed=43] epoch=26 train_loss=0.227557 val_miou=0.647749 best_epoch=23 patience=3/15
[cloudsen12_dofa_full_finetune seed=43] epoch=27 train_loss=0.229536 val_miou=0.631164 best_epoch=23 patience=4/15
[cloudsen12_dofa_full_finetune seed=43] epoch=28 train_loss=0.236284 val_miou=0.633404 best_epoch=23 patience=5/15
[cloudsen12_dofa_full_finetune seed=43] epoch=29 train_loss=0.246886 val_miou=0.639828 best_epoch=23 patience=6/15
[cloudsen12_dofa_full_finetune seed=43] epoch=30 train_loss=0.219408 val_miou=0.659339 best_epoch=30 patience=0/15
[cloudsen12_dofa_full_finetune seed=43] epoch=31 train_loss=0.203040 val_miou=0.657379 best_epoch=30 patience=1/15
[cloudsen12_dofa_full_finetune seed=43] epoch=32 train_loss=0.199336 val_miou=0.648229 best_epoch=30 patience=2/15
[cloudsen12_dofa_full_finetune seed=43] epoch=33 train_loss=0.195378 val_miou=0.648362 best_epoch=30 patience=3/15
[cloudsen12_dofa_full_finetune seed=43] epoch=34 train_loss=0.192465 val_miou=0.653571 best_epoch=30 patience=4/15
[cloudsen12_dofa_full_finetune seed=43] epoch=35 train_loss=0.191098 val_miou=0.659414 best_epoch=35 patience=0/15
[cloudsen12_dofa_full_finetune seed=43] epoch=36 train_loss=0.191859 val_miou=0.654233 best_epoch=35 patience=1/15
[cloudsen12_dofa_full_finetune seed=43] epoch=37 train_loss=0.187835 val_miou=0.648514 best_epoch=35 patience=2/15
[cloudsen12_dofa_full_finetune seed=43] epoch=38 train_loss=0.179372 val_miou=0.662213 best_epoch=38 patience=0/15
[cloudsen12_dofa_full_finetune seed=43] epoch=39 train_loss=0.176740 val_miou=0.658999 best_epoch=38 patience=1/15
[cloudsen12_dofa_full_finetune seed=43] epoch=40 train_loss=0.190140 val_miou=0.642796 best_epoch=38 patience=2/15
[cloudsen12_dofa_full_finetune seed=43] epoch=41 train_loss=0.226058 val_miou=0.628397 best_epoch=38 patience=3/15
[cloudsen12_dofa_full_finetune seed=43] epoch=42 train_loss=0.185778 val_miou=0.656614 best_epoch=38 patience=4/15
[cloudsen12_dofa_full_finetune seed=43] epoch=43 train_loss=0.165781 val_miou=0.664816 best_epoch=43 patience=0/15
[cloudsen12_dofa_full_finetune seed=43] epoch=44 train_loss=0.153619 val_miou=0.662681 best_epoch=43 patience=1/15
[cloudsen12_dofa_full_finetune seed=43] epoch=45 train_loss=0.151041 val_miou=0.662194 best_epoch=43 patience=2/15
[cloudsen12_dofa_full_finetune seed=43] epoch=46 train_loss=0.153810 val_miou=0.663063 best_epoch=43 patience=3/15
[cloudsen12_dofa_full_finetune seed=43] epoch=47 train_loss=0.150944 val_miou=0.658283 best_epoch=43 patience=4/15
[cloudsen12_dofa_full_finetune seed=43] epoch=48 train_loss=0.149284 val_miou=0.662723 best_epoch=43 patience=5/15
[cloudsen12_dofa_full_finetune seed=43] epoch=49 train_loss=0.145994 val_miou=0.667760 best_epoch=49 patience=0/15
[cloudsen12_dofa_full_finetune seed=43] epoch=50 train_loss=0.141170 val_miou=0.665996 best_epoch=49 patience=1/15
Initializing normalizer from class: ZScoreNormalizer
Initializing normalizer from class: ZScoreNormalizer
Initializing normalizer from class: ZScoreNormalizer
[cloudsen12_panopticon_full_finetune seed=43] epoch=1 train_loss=0.728344 val_miou=0.527093 best_epoch=1 patience=0/15
[cloudsen12_panopticon_full_finetune seed=43] epoch=2 train_loss=0.540274 val_miou=0.535208 best_epoch=2 patience=0/15
[cloudsen12_panopticon_full_finetune seed=43] epoch=3 train_loss=0.505502 val_miou=0.588853 best_epoch=3 patience=0/15
[cloudsen12_panopticon_full_finetune seed=43] epoch=4 train_loss=0.447007 val_miou=0.603253 best_epoch=4 patience=0/15
[cloudsen12_panopticon_full_finetune seed=43] epoch=5 train_loss=0.413639 val_miou=0.621040 best_epoch=5 patience=0/15
[cloudsen12_panopticon_full_finetune seed=43] epoch=6 train_loss=0.407663 val_miou=0.611955 best_epoch=5 patience=1/15
[cloudsen12_panopticon_full_finetune seed=43] epoch=7 train_loss=0.413857 val_miou=0.610360 best_epoch=5 patience=2/15
[cloudsen12_panopticon_full_finetune seed=43] epoch=8 train_loss=0.366798 val_miou=0.641921 best_epoch=8 patience=0/15
[cloudsen12_panopticon_full_finetune seed=43] epoch=9 train_loss=0.390897 val_miou=0.621289 best_epoch=8 patience=1/15
[cloudsen12_panopticon_full_finetune seed=43] epoch=10 train_loss=0.382093 val_miou=0.630753 best_epoch=8 patience=2/15
[cloudsen12_panopticon_full_finetune seed=43] epoch=11 train_loss=0.373004 val_miou=0.617496 best_epoch=8 patience=3/15
[cloudsen12_panopticon_full_finetune seed=43] epoch=12 train_loss=0.352152 val_miou=0.632239 best_epoch=8 patience=4/15
[cloudsen12_panopticon_full_finetune seed=43] epoch=13 train_loss=0.350230 val_miou=0.633943 best_epoch=8 patience=5/15
[cloudsen12_panopticon_full_finetune seed=43] epoch=14 train_loss=0.338894 val_miou=0.625849 best_epoch=8 patience=6/15
[cloudsen12_panopticon_full_finetune seed=43] epoch=15 train_loss=0.351155 val_miou=0.592539 best_epoch=8 patience=7/15
[cloudsen12_panopticon_full_finetune seed=43] epoch=16 train_loss=0.330140 val_miou=0.629379 best_epoch=8 patience=8/15
[cloudsen12_panopticon_full_finetune seed=43] epoch=17 train_loss=0.305679 val_miou=0.642592 best_epoch=17 patience=0/15
[cloudsen12_panopticon_full_finetune seed=43] epoch=18 train_loss=0.302083 val_miou=0.653735 best_epoch=18 patience=0/15
[cloudsen12_panopticon_full_finetune seed=43] epoch=19 train_loss=0.305096 val_miou=0.659225 best_epoch=19 patience=0/15
[cloudsen12_panopticon_full_finetune seed=43] epoch=20 train_loss=0.335215 val_miou=0.654250 best_epoch=19 patience=1/15
[cloudsen12_panopticon_full_finetune seed=43] epoch=21 train_loss=0.295652 val_miou=0.668945 best_epoch=21 patience=0/15
[cloudsen12_panopticon_full_finetune seed=43] epoch=22 train_loss=0.275207 val_miou=0.657634 best_epoch=21 patience=1/15
[cloudsen12_panopticon_full_finetune seed=43] epoch=23 train_loss=0.274799 val_miou=0.653230 best_epoch=21 patience=2/15
[cloudsen12_panopticon_full_finetune seed=43] epoch=24 train_loss=0.283779 val_miou=0.650750 best_epoch=21 patience=3/15
[cloudsen12_panopticon_full_finetune seed=43] epoch=25 train_loss=0.277199 val_miou=0.651708 best_epoch=21 patience=4/15
[cloudsen12_panopticon_full_finetune seed=43] epoch=26 train_loss=0.277599 val_miou=0.639036 best_epoch=21 patience=5/15
[cloudsen12_panopticon_full_finetune seed=43] epoch=27 train_loss=0.264801 val_miou=0.664737 best_epoch=21 patience=6/15
[cloudsen12_panopticon_full_finetune seed=43] epoch=28 train_loss=0.242346 val_miou=0.653391 best_epoch=21 patience=7/15
[cloudsen12_panopticon_full_finetune seed=43] epoch=29 train_loss=0.241907 val_miou=0.670121 best_epoch=29 patience=0/15
[cloudsen12_panopticon_full_finetune seed=43] epoch=30 train_loss=0.252471 val_miou=0.664023 best_epoch=29 patience=1/15
[cloudsen12_panopticon_full_finetune seed=43] epoch=31 train_loss=0.247483 val_miou=0.664892 best_epoch=29 patience=2/15
[cloudsen12_panopticon_full_finetune seed=43] epoch=32 train_loss=0.233347 val_miou=0.667404 best_epoch=29 patience=3/15
[cloudsen12_panopticon_full_finetune seed=43] epoch=33 train_loss=0.302280 val_miou=0.654392 best_epoch=29 patience=4/15
[cloudsen12_panopticon_full_finetune seed=43] epoch=34 train_loss=0.239208 val_miou=0.670736 best_epoch=34 patience=0/15
[cloudsen12_panopticon_full_finetune seed=43] epoch=35 train_loss=0.236914 val_miou=0.661528 best_epoch=34 patience=1/15
[cloudsen12_panopticon_full_finetune seed=43] epoch=36 train_loss=0.215134 val_miou=0.670958 best_epoch=36 patience=0/15
[cloudsen12_panopticon_full_finetune seed=43] epoch=37 train_loss=0.207359 val_miou=0.671099 best_epoch=37 patience=0/15
[cloudsen12_panopticon_full_finetune seed=43] epoch=38 train_loss=0.204344 val_miou=0.683513 best_epoch=38 patience=0/15
[cloudsen12_panopticon_full_finetune seed=43] epoch=39 train_loss=0.211784 val_miou=0.684026 best_epoch=39 patience=0/15
[cloudsen12_panopticon_full_finetune seed=43] epoch=40 train_loss=0.203218 val_miou=0.679381 best_epoch=39 patience=1/15
[cloudsen12_panopticon_full_finetune seed=43] epoch=41 train_loss=0.202536 val_miou=0.672788 best_epoch=39 patience=2/15
[cloudsen12_panopticon_full_finetune seed=43] epoch=42 train_loss=0.196343 val_miou=0.671489 best_epoch=39 patience=3/15
[cloudsen12_panopticon_full_finetune seed=43] epoch=43 train_loss=0.242581 val_miou=0.649650 best_epoch=39 patience=4/15
[cloudsen12_panopticon_full_finetune seed=43] epoch=44 train_loss=0.242332 val_miou=0.675024 best_epoch=39 patience=5/15
[cloudsen12_panopticon_full_finetune seed=43] epoch=45 train_loss=0.199984 val_miou=0.678459 best_epoch=39 patience=6/15
[cloudsen12_panopticon_full_finetune seed=43] epoch=46 train_loss=0.181241 val_miou=0.671742 best_epoch=39 patience=7/15
[cloudsen12_panopticon_full_finetune seed=43] epoch=47 train_loss=0.173323 val_miou=0.679462 best_epoch=39 patience=8/15
[cloudsen12_panopticon_full_finetune seed=43] epoch=48 train_loss=0.170778 val_miou=0.681076 best_epoch=39 patience=9/15
[cloudsen12_panopticon_full_finetune seed=43] epoch=49 train_loss=0.170879 val_miou=0.674829 best_epoch=39 patience=10/15
[cloudsen12_panopticon_full_finetune seed=43] epoch=50 train_loss=0.172033 val_miou=0.682225 best_epoch=39 patience=11/15
Wrote summary to /workspace/results/final_thesis/segmentation/cloudsen12_full_finetune/summaries/20260824T084244160670Z_summary_seed43_79055726.json
GPU=0 config=configs/cloudsen12_full_finetune_final.yaml seed=43 complete=2026-08-24T08:42:45Z
