GPU=1 config=configs/cloudsen12_full_finetune_final.yaml seed=44 start=2026-08-24T08:45:49Z
Initializing normalizer from class: ZScoreNormalizer
Initializing normalizer from class: ZScoreNormalizer
Initializing normalizer from class: ZScoreNormalizer
[cloudsen12_dofa_full_finetune seed=44] epoch=1 train_loss=0.861510 val_miou=0.396303 best_epoch=1 patience=0/15
[cloudsen12_dofa_full_finetune seed=44] epoch=2 train_loss=0.632630 val_miou=0.497508 best_epoch=2 patience=0/15
[cloudsen12_dofa_full_finetune seed=44] epoch=3 train_loss=0.558459 val_miou=0.522540 best_epoch=3 patience=0/15
[cloudsen12_dofa_full_finetune seed=44] epoch=4 train_loss=0.506519 val_miou=0.529297 best_epoch=4 patience=0/15
[cloudsen12_dofa_full_finetune seed=44] epoch=5 train_loss=0.477390 val_miou=0.554877 best_epoch=5 patience=0/15
[cloudsen12_dofa_full_finetune seed=44] epoch=6 train_loss=0.448474 val_miou=0.589652 best_epoch=6 patience=0/15
[cloudsen12_dofa_full_finetune seed=44] epoch=7 train_loss=0.431892 val_miou=0.570330 best_epoch=6 patience=1/15
[cloudsen12_dofa_full_finetune seed=44] epoch=8 train_loss=0.412521 val_miou=0.598607 best_epoch=8 patience=0/15
[cloudsen12_dofa_full_finetune seed=44] epoch=9 train_loss=0.402172 val_miou=0.590625 best_epoch=8 patience=1/15
[cloudsen12_dofa_full_finetune seed=44] epoch=10 train_loss=0.390534 val_miou=0.613257 best_epoch=10 patience=0/15
[cloudsen12_dofa_full_finetune seed=44] epoch=11 train_loss=0.390478 val_miou=0.617157 best_epoch=11 patience=0/15
[cloudsen12_dofa_full_finetune seed=44] epoch=12 train_loss=0.377971 val_miou=0.601104 best_epoch=11 patience=1/15
[cloudsen12_dofa_full_finetune seed=44] epoch=13 train_loss=0.355182 val_miou=0.617750 best_epoch=13 patience=0/15
[cloudsen12_dofa_full_finetune seed=44] epoch=14 train_loss=0.339569 val_miou=0.602561 best_epoch=13 patience=1/15
[cloudsen12_dofa_full_finetune seed=44] epoch=15 train_loss=0.359836 val_miou=0.619966 best_epoch=15 patience=0/15
[cloudsen12_dofa_full_finetune seed=44] epoch=16 train_loss=0.323791 val_miou=0.637725 best_epoch=16 patience=0/15
[cloudsen12_dofa_full_finetune seed=44] epoch=17 train_loss=0.309847 val_miou=0.634664 best_epoch=16 patience=1/15
[cloudsen12_dofa_full_finetune seed=44] epoch=18 train_loss=0.302340 val_miou=0.621758 best_epoch=16 patience=2/15
[cloudsen12_dofa_full_finetune seed=44] epoch=19 train_loss=0.294832 val_miou=0.631872 best_epoch=16 patience=3/15
[cloudsen12_dofa_full_finetune seed=44] epoch=20 train_loss=0.312746 val_miou=0.625939 best_epoch=16 patience=4/15
[cloudsen12_dofa_full_finetune seed=44] epoch=21 train_loss=0.288300 val_miou=0.626463 best_epoch=16 patience=5/15
[cloudsen12_dofa_full_finetune seed=44] epoch=22 train_loss=0.271520 val_miou=0.628122 best_epoch=16 patience=6/15
[cloudsen12_dofa_full_finetune seed=44] epoch=23 train_loss=0.280282 val_miou=0.628353 best_epoch=16 patience=7/15
[cloudsen12_dofa_full_finetune seed=44] epoch=24 train_loss=0.284905 val_miou=0.644606 best_epoch=24 patience=0/15
[cloudsen12_dofa_full_finetune seed=44] epoch=25 train_loss=0.254011 val_miou=0.634352 best_epoch=24 patience=1/15
[cloudsen12_dofa_full_finetune seed=44] epoch=26 train_loss=0.270980 val_miou=0.640063 best_epoch=24 patience=2/15
[cloudsen12_dofa_full_finetune seed=44] epoch=27 train_loss=0.245326 val_miou=0.646992 best_epoch=27 patience=0/15
[cloudsen12_dofa_full_finetune seed=44] epoch=28 train_loss=0.247171 val_miou=0.637281 best_epoch=27 patience=1/15
[cloudsen12_dofa_full_finetune seed=44] epoch=29 train_loss=0.242927 val_miou=0.647302 best_epoch=29 patience=0/15
[cloudsen12_dofa_full_finetune seed=44] epoch=30 train_loss=0.262879 val_miou=0.620336 best_epoch=29 patience=1/15
[cloudsen12_dofa_full_finetune seed=44] epoch=31 train_loss=0.247281 val_miou=0.644641 best_epoch=29 patience=2/15
[cloudsen12_dofa_full_finetune seed=44] epoch=32 train_loss=0.229444 val_miou=0.633918 best_epoch=29 patience=3/15
[cloudsen12_dofa_full_finetune seed=44] epoch=33 train_loss=0.219447 val_miou=0.643110 best_epoch=29 patience=4/15
[cloudsen12_dofa_full_finetune seed=44] epoch=34 train_loss=0.219952 val_miou=0.648230 best_epoch=34 patience=0/15
[cloudsen12_dofa_full_finetune seed=44] epoch=35 train_loss=0.216666 val_miou=0.646340 best_epoch=34 patience=1/15
[cloudsen12_dofa_full_finetune seed=44] epoch=36 train_loss=0.208948 val_miou=0.649350 best_epoch=36 patience=0/15
[cloudsen12_dofa_full_finetune seed=44] epoch=37 train_loss=0.205238 val_miou=0.647421 best_epoch=36 patience=1/15
[cloudsen12_dofa_full_finetune seed=44] epoch=38 train_loss=0.210811 val_miou=0.644514 best_epoch=36 patience=2/15
[cloudsen12_dofa_full_finetune seed=44] epoch=39 train_loss=0.201460 val_miou=0.644255 best_epoch=36 patience=3/15
[cloudsen12_dofa_full_finetune seed=44] epoch=40 train_loss=0.224279 val_miou=0.649480 best_epoch=40 patience=0/15
[cloudsen12_dofa_full_finetune seed=44] epoch=41 train_loss=0.218572 val_miou=0.640331 best_epoch=40 patience=1/15
[cloudsen12_dofa_full_finetune seed=44] epoch=42 train_loss=0.197148 val_miou=0.659990 best_epoch=42 patience=0/15
[cloudsen12_dofa_full_finetune seed=44] epoch=43 train_loss=0.181105 val_miou=0.652656 best_epoch=42 patience=1/15
[cloudsen12_dofa_full_finetune seed=44] epoch=44 train_loss=0.175243 val_miou=0.655744 best_epoch=42 patience=2/15
[cloudsen12_dofa_full_finetune seed=44] epoch=45 train_loss=0.210673 val_miou=0.641204 best_epoch=42 patience=3/15
[cloudsen12_dofa_full_finetune seed=44] epoch=46 train_loss=0.201561 val_miou=0.646823 best_epoch=42 patience=4/15
[cloudsen12_dofa_full_finetune seed=44] epoch=47 train_loss=0.174889 val_miou=0.655361 best_epoch=42 patience=5/15
[cloudsen12_dofa_full_finetune seed=44] epoch=48 train_loss=0.164222 val_miou=0.651309 best_epoch=42 patience=6/15
[cloudsen12_dofa_full_finetune seed=44] epoch=49 train_loss=0.160807 val_miou=0.654577 best_epoch=42 patience=7/15
[cloudsen12_dofa_full_finetune seed=44] epoch=50 train_loss=0.160464 val_miou=0.649863 best_epoch=42 patience=8/15
Initializing normalizer from class: ZScoreNormalizer
Initializing normalizer from class: ZScoreNormalizer
Initializing normalizer from class: ZScoreNormalizer
[cloudsen12_panopticon_full_finetune seed=44] epoch=1 train_loss=0.755413 val_miou=0.432203 best_epoch=1 patience=0/15
[cloudsen12_panopticon_full_finetune seed=44] epoch=2 train_loss=0.559662 val_miou=0.571330 best_epoch=2 patience=0/15
[cloudsen12_panopticon_full_finetune seed=44] epoch=3 train_loss=0.476065 val_miou=0.623971 best_epoch=3 patience=0/15
[cloudsen12_panopticon_full_finetune seed=44] epoch=4 train_loss=0.437467 val_miou=0.602053 best_epoch=3 patience=1/15
[cloudsen12_panopticon_full_finetune seed=44] epoch=5 train_loss=0.417570 val_miou=0.606734 best_epoch=3 patience=2/15
[cloudsen12_panopticon_full_finetune seed=44] epoch=6 train_loss=0.406232 val_miou=0.462397 best_epoch=3 patience=3/15
[cloudsen12_panopticon_full_finetune seed=44] epoch=7 train_loss=0.411257 val_miou=0.623734 best_epoch=3 patience=4/15
[cloudsen12_panopticon_full_finetune seed=44] epoch=8 train_loss=0.368220 val_miou=0.642494 best_epoch=8 patience=0/15
[cloudsen12_panopticon_full_finetune seed=44] epoch=9 train_loss=0.356610 val_miou=0.652018 best_epoch=9 patience=0/15
[cloudsen12_panopticon_full_finetune seed=44] epoch=10 train_loss=0.364982 val_miou=0.597480 best_epoch=9 patience=1/15
[cloudsen12_panopticon_full_finetune seed=44] epoch=11 train_loss=0.369444 val_miou=0.639847 best_epoch=9 patience=2/15
[cloudsen12_panopticon_full_finetune seed=44] epoch=12 train_loss=0.343714 val_miou=0.651800 best_epoch=9 patience=3/15
[cloudsen12_panopticon_full_finetune seed=44] epoch=13 train_loss=0.333354 val_miou=0.645676 best_epoch=9 patience=4/15
[cloudsen12_panopticon_full_finetune seed=44] epoch=14 train_loss=0.318015 val_miou=0.623582 best_epoch=9 patience=5/15
[cloudsen12_panopticon_full_finetune seed=44] epoch=15 train_loss=0.320935 val_miou=0.638406 best_epoch=9 patience=6/15
[cloudsen12_panopticon_full_finetune seed=44] epoch=16 train_loss=0.316977 val_miou=0.656811 best_epoch=16 patience=0/15
[cloudsen12_panopticon_full_finetune seed=44] epoch=17 train_loss=0.303880 val_miou=0.666253 best_epoch=17 patience=0/15
[cloudsen12_panopticon_full_finetune seed=44] epoch=18 train_loss=0.288284 val_miou=0.641597 best_epoch=17 patience=1/15
[cloudsen12_panopticon_full_finetune seed=44] epoch=19 train_loss=0.282456 val_miou=0.657690 best_epoch=17 patience=2/15
[cloudsen12_panopticon_full_finetune seed=44] epoch=20 train_loss=0.274239 val_miou=0.657734 best_epoch=17 patience=3/15
[cloudsen12_panopticon_full_finetune seed=44] epoch=21 train_loss=0.276145 val_miou=0.668887 best_epoch=21 patience=0/15
[cloudsen12_panopticon_full_finetune seed=44] epoch=22 train_loss=0.261515 val_miou=0.670681 best_epoch=22 patience=0/15
[cloudsen12_panopticon_full_finetune seed=44] epoch=23 train_loss=0.266241 val_miou=0.673132 best_epoch=23 patience=0/15
[cloudsen12_panopticon_full_finetune seed=44] epoch=24 train_loss=0.261974 val_miou=0.644795 best_epoch=23 patience=1/15
[cloudsen12_panopticon_full_finetune seed=44] epoch=25 train_loss=0.278966 val_miou=0.667464 best_epoch=23 patience=2/15
[cloudsen12_panopticon_full_finetune seed=44] epoch=26 train_loss=0.281649 val_miou=0.644513 best_epoch=23 patience=3/15
[cloudsen12_panopticon_full_finetune seed=44] epoch=27 train_loss=0.253759 val_miou=0.663235 best_epoch=23 patience=4/15
[cloudsen12_panopticon_full_finetune seed=44] epoch=28 train_loss=0.239590 val_miou=0.669114 best_epoch=23 patience=5/15
[cloudsen12_panopticon_full_finetune seed=44] epoch=29 train_loss=0.231479 val_miou=0.668675 best_epoch=23 patience=6/15
[cloudsen12_panopticon_full_finetune seed=44] epoch=30 train_loss=0.234029 val_miou=0.659300 best_epoch=23 patience=7/15
[cloudsen12_panopticon_full_finetune seed=44] epoch=31 train_loss=0.218210 val_miou=0.675634 best_epoch=31 patience=0/15
[cloudsen12_panopticon_full_finetune seed=44] epoch=32 train_loss=0.215798 val_miou=0.672642 best_epoch=31 patience=1/15
[cloudsen12_panopticon_full_finetune seed=44] epoch=33 train_loss=0.224454 val_miou=0.674252 best_epoch=31 patience=2/15
[cloudsen12_panopticon_full_finetune seed=44] epoch=34 train_loss=0.218986 val_miou=0.678103 best_epoch=34 patience=0/15
[cloudsen12_panopticon_full_finetune seed=44] epoch=35 train_loss=0.250306 val_miou=0.668930 best_epoch=34 patience=1/15
[cloudsen12_panopticon_full_finetune seed=44] epoch=36 train_loss=0.246636 val_miou=0.656760 best_epoch=34 patience=2/15
[cloudsen12_panopticon_full_finetune seed=44] epoch=37 train_loss=0.220125 val_miou=0.676471 best_epoch=34 patience=3/15
[cloudsen12_panopticon_full_finetune seed=44] epoch=38 train_loss=0.194606 val_miou=0.681825 best_epoch=38 patience=0/15
[cloudsen12_panopticon_full_finetune seed=44] epoch=39 train_loss=0.187521 val_miou=0.676286 best_epoch=38 patience=1/15
[cloudsen12_panopticon_full_finetune seed=44] epoch=40 train_loss=0.186304 val_miou=0.681215 best_epoch=38 patience=2/15
[cloudsen12_panopticon_full_finetune seed=44] epoch=41 train_loss=0.184828 val_miou=0.667189 best_epoch=38 patience=3/15
[cloudsen12_panopticon_full_finetune seed=44] epoch=42 train_loss=0.183480 val_miou=0.679052 best_epoch=38 patience=4/15
[cloudsen12_panopticon_full_finetune seed=44] epoch=43 train_loss=0.193354 val_miou=0.647813 best_epoch=38 patience=5/15
[cloudsen12_panopticon_full_finetune seed=44] epoch=44 train_loss=0.192242 val_miou=0.681947 best_epoch=44 patience=0/15
[cloudsen12_panopticon_full_finetune seed=44] epoch=45 train_loss=0.177060 val_miou=0.680246 best_epoch=44 patience=1/15
[cloudsen12_panopticon_full_finetune seed=44] epoch=46 train_loss=0.167103 val_miou=0.677627 best_epoch=44 patience=2/15
[cloudsen12_panopticon_full_finetune seed=44] epoch=47 train_loss=0.162205 val_miou=0.678735 best_epoch=44 patience=3/15
[cloudsen12_panopticon_full_finetune seed=44] epoch=48 train_loss=0.163328 val_miou=0.674150 best_epoch=44 patience=4/15
[cloudsen12_panopticon_full_finetune seed=44] epoch=49 train_loss=0.215549 val_miou=0.653835 best_epoch=44 patience=5/15
[cloudsen12_panopticon_full_finetune seed=44] epoch=50 train_loss=0.216687 val_miou=0.678399 best_epoch=44 patience=6/15
Wrote summary to /workspace/results/final_thesis/segmentation/cloudsen12_full_finetune/summaries/20260824T131020358814Z_summary_seed44_277d3754.json
GPU=1 config=configs/cloudsen12_full_finetune_final.yaml seed=44 complete=2026-08-24T13:10:21Z
