GPU=0 config=cloudsen12_full_finetune_final seed=42 start=2026-08-23T22:47:07Z
Initializing normalizer from class: ZScoreNormalizer
Initializing normalizer from class: ZScoreNormalizer
Initializing normalizer from class: ZScoreNormalizer
[cloudsen12_dofa_full_finetune seed=42] epoch=1 train_loss=0.836691 val_miou=0.459159 best_epoch=1 patience=0/15
[cloudsen12_dofa_full_finetune seed=42] epoch=2 train_loss=0.623357 val_miou=0.484520 best_epoch=2 patience=0/15
[cloudsen12_dofa_full_finetune seed=42] epoch=3 train_loss=0.551134 val_miou=0.532523 best_epoch=3 patience=0/15
[cloudsen12_dofa_full_finetune seed=42] epoch=4 train_loss=0.494301 val_miou=0.590163 best_epoch=4 patience=0/15
[cloudsen12_dofa_full_finetune seed=42] epoch=5 train_loss=0.461830 val_miou=0.591600 best_epoch=5 patience=0/15
[cloudsen12_dofa_full_finetune seed=42] epoch=6 train_loss=0.452475 val_miou=0.601910 best_epoch=6 patience=0/15
[cloudsen12_dofa_full_finetune seed=42] epoch=7 train_loss=0.426611 val_miou=0.603719 best_epoch=7 patience=0/15
[cloudsen12_dofa_full_finetune seed=42] epoch=8 train_loss=0.400487 val_miou=0.581777 best_epoch=7 patience=1/15
[cloudsen12_dofa_full_finetune seed=42] epoch=9 train_loss=0.380731 val_miou=0.613882 best_epoch=9 patience=0/15
[cloudsen12_dofa_full_finetune seed=42] epoch=10 train_loss=0.367496 val_miou=0.614331 best_epoch=10 patience=0/15
[cloudsen12_dofa_full_finetune seed=42] epoch=11 train_loss=0.369479 val_miou=0.623179 best_epoch=11 patience=0/15
[cloudsen12_dofa_full_finetune seed=42] epoch=12 train_loss=0.351088 val_miou=0.569770 best_epoch=11 patience=1/15
[cloudsen12_dofa_full_finetune seed=42] epoch=13 train_loss=0.345587 val_miou=0.628066 best_epoch=13 patience=0/15
[cloudsen12_dofa_full_finetune seed=42] epoch=14 train_loss=0.325265 val_miou=0.598088 best_epoch=13 patience=1/15
[cloudsen12_dofa_full_finetune seed=42] epoch=15 train_loss=0.320265 val_miou=0.622695 best_epoch=13 patience=2/15
[cloudsen12_dofa_full_finetune seed=42] epoch=16 train_loss=0.307972 val_miou=0.629802 best_epoch=16 patience=0/15
[cloudsen12_dofa_full_finetune seed=42] epoch=17 train_loss=0.301800 val_miou=0.612613 best_epoch=16 patience=1/15
[cloudsen12_dofa_full_finetune seed=42] epoch=18 train_loss=0.290246 val_miou=0.630842 best_epoch=18 patience=0/15
[cloudsen12_dofa_full_finetune seed=42] epoch=19 train_loss=0.276332 val_miou=0.633211 best_epoch=19 patience=0/15
[cloudsen12_dofa_full_finetune seed=42] epoch=20 train_loss=0.269281 val_miou=0.628854 best_epoch=19 patience=1/15
[cloudsen12_dofa_full_finetune seed=42] epoch=21 train_loss=0.300095 val_miou=0.630439 best_epoch=19 patience=2/15
[cloudsen12_dofa_full_finetune seed=42] epoch=22 train_loss=0.313107 val_miou=0.617142 best_epoch=19 patience=3/15
[cloudsen12_dofa_full_finetune seed=42] epoch=23 train_loss=0.263624 val_miou=0.645277 best_epoch=23 patience=0/15
[cloudsen12_dofa_full_finetune seed=42] epoch=24 train_loss=0.249982 val_miou=0.644828 best_epoch=23 patience=1/15
[cloudsen12_dofa_full_finetune seed=42] epoch=25 train_loss=0.244793 val_miou=0.639653 best_epoch=23 patience=2/15
[cloudsen12_dofa_full_finetune seed=42] epoch=26 train_loss=0.236186 val_miou=0.635714 best_epoch=23 patience=3/15
[cloudsen12_dofa_full_finetune seed=42] epoch=27 train_loss=0.236927 val_miou=0.621774 best_epoch=23 patience=4/15
[cloudsen12_dofa_full_finetune seed=42] epoch=28 train_loss=0.239192 val_miou=0.630381 best_epoch=23 patience=5/15
[cloudsen12_dofa_full_finetune seed=42] epoch=29 train_loss=0.231902 val_miou=0.638488 best_epoch=23 patience=6/15
[cloudsen12_dofa_full_finetune seed=42] epoch=30 train_loss=0.245869 val_miou=0.635501 best_epoch=23 patience=7/15
[cloudsen12_dofa_full_finetune seed=42] epoch=31 train_loss=0.232050 val_miou=0.626516 best_epoch=23 patience=8/15
[cloudsen12_dofa_full_finetune seed=42] epoch=32 train_loss=0.220031 val_miou=0.644493 best_epoch=23 patience=9/15
[cloudsen12_dofa_full_finetune seed=42] epoch=33 train_loss=0.206903 val_miou=0.643493 best_epoch=23 patience=10/15
[cloudsen12_dofa_full_finetune seed=42] epoch=34 train_loss=0.205965 val_miou=0.652280 best_epoch=34 patience=0/15
[cloudsen12_dofa_full_finetune seed=42] epoch=35 train_loss=0.201595 val_miou=0.653776 best_epoch=35 patience=0/15
[cloudsen12_dofa_full_finetune seed=42] epoch=36 train_loss=0.198114 val_miou=0.638005 best_epoch=35 patience=1/15
[cloudsen12_dofa_full_finetune seed=42] epoch=37 train_loss=0.202092 val_miou=0.650659 best_epoch=35 patience=2/15
[cloudsen12_dofa_full_finetune seed=42] epoch=38 train_loss=0.217681 val_miou=0.638485 best_epoch=35 patience=3/15
[cloudsen12_dofa_full_finetune seed=42] epoch=39 train_loss=0.207657 val_miou=0.651986 best_epoch=35 patience=4/15
[cloudsen12_dofa_full_finetune seed=42] epoch=40 train_loss=0.182759 val_miou=0.657911 best_epoch=40 patience=0/15
[cloudsen12_dofa_full_finetune seed=42] epoch=41 train_loss=0.184714 val_miou=0.652534 best_epoch=40 patience=1/15
[cloudsen12_dofa_full_finetune seed=42] epoch=42 train_loss=0.175068 val_miou=0.655487 best_epoch=40 patience=2/15
[cloudsen12_dofa_full_finetune seed=42] epoch=43 train_loss=0.183182 val_miou=0.658626 best_epoch=43 patience=0/15
[cloudsen12_dofa_full_finetune seed=42] epoch=44 train_loss=0.172969 val_miou=0.649436 best_epoch=43 patience=1/15
[cloudsen12_dofa_full_finetune seed=42] epoch=45 train_loss=0.165352 val_miou=0.656349 best_epoch=43 patience=2/15
[cloudsen12_dofa_full_finetune seed=42] epoch=46 train_loss=0.162616 val_miou=0.654321 best_epoch=43 patience=3/15
[cloudsen12_dofa_full_finetune seed=42] epoch=47 train_loss=0.162616 val_miou=0.652530 best_epoch=43 patience=4/15
[cloudsen12_dofa_full_finetune seed=42] epoch=48 train_loss=0.158397 val_miou=0.651207 best_epoch=43 patience=5/15
[cloudsen12_dofa_full_finetune seed=42] epoch=49 train_loss=0.156197 val_miou=0.655003 best_epoch=43 patience=6/15
[cloudsen12_dofa_full_finetune seed=42] epoch=50 train_loss=0.150096 val_miou=0.658966 best_epoch=50 patience=0/15
Initializing normalizer from class: ZScoreNormalizer
Initializing normalizer from class: ZScoreNormalizer
Initializing normalizer from class: ZScoreNormalizer
[cloudsen12_panopticon_full_finetune seed=42] epoch=1 train_loss=0.754836 val_miou=0.488679 best_epoch=1 patience=0/15
[cloudsen12_panopticon_full_finetune seed=42] epoch=2 train_loss=0.561178 val_miou=0.562065 best_epoch=2 patience=0/15
[cloudsen12_panopticon_full_finetune seed=42] epoch=3 train_loss=0.494966 val_miou=0.579109 best_epoch=3 patience=0/15
[cloudsen12_panopticon_full_finetune seed=42] epoch=4 train_loss=0.447013 val_miou=0.597325 best_epoch=4 patience=0/15
[cloudsen12_panopticon_full_finetune seed=42] epoch=5 train_loss=0.438518 val_miou=0.595239 best_epoch=4 patience=1/15
[cloudsen12_panopticon_full_finetune seed=42] epoch=6 train_loss=0.435685 val_miou=0.638563 best_epoch=6 patience=0/15
[cloudsen12_panopticon_full_finetune seed=42] epoch=7 train_loss=0.393223 val_miou=0.625072 best_epoch=6 patience=1/15
[cloudsen12_panopticon_full_finetune seed=42] epoch=8 train_loss=0.374826 val_miou=0.617113 best_epoch=6 patience=2/15
[cloudsen12_panopticon_full_finetune seed=42] epoch=9 train_loss=0.395739 val_miou=0.622554 best_epoch=6 patience=3/15
[cloudsen12_panopticon_full_finetune seed=42] epoch=10 train_loss=0.376112 val_miou=0.621702 best_epoch=6 patience=4/15
[cloudsen12_panopticon_full_finetune seed=42] epoch=11 train_loss=0.353498 val_miou=0.633333 best_epoch=6 patience=5/15
[cloudsen12_panopticon_full_finetune seed=42] epoch=12 train_loss=0.346113 val_miou=0.556267 best_epoch=6 patience=6/15
[cloudsen12_panopticon_full_finetune seed=42] epoch=13 train_loss=0.344528 val_miou=0.614203 best_epoch=6 patience=7/15
[cloudsen12_panopticon_full_finetune seed=42] epoch=14 train_loss=0.327294 val_miou=0.627285 best_epoch=6 patience=8/15
[cloudsen12_panopticon_full_finetune seed=42] epoch=15 train_loss=0.319288 val_miou=0.646744 best_epoch=15 patience=0/15
[cloudsen12_panopticon_full_finetune seed=42] epoch=16 train_loss=0.331225 val_miou=0.648364 best_epoch=16 patience=0/15
[cloudsen12_panopticon_full_finetune seed=42] epoch=17 train_loss=0.311896 val_miou=0.643481 best_epoch=16 patience=1/15
[cloudsen12_panopticon_full_finetune seed=42] epoch=18 train_loss=0.320138 val_miou=0.648182 best_epoch=16 patience=2/15
[cloudsen12_panopticon_full_finetune seed=42] epoch=19 train_loss=0.296940 val_miou=0.650902 best_epoch=19 patience=0/15
[cloudsen12_panopticon_full_finetune seed=42] epoch=20 train_loss=0.302086 val_miou=0.644127 best_epoch=19 patience=1/15
[cloudsen12_panopticon_full_finetune seed=42] epoch=21 train_loss=0.297764 val_miou=0.644297 best_epoch=19 patience=2/15
[cloudsen12_panopticon_full_finetune seed=42] epoch=22 train_loss=0.305327 val_miou=0.643472 best_epoch=19 patience=3/15
[cloudsen12_panopticon_full_finetune seed=42] epoch=23 train_loss=0.292813 val_miou=0.640843 best_epoch=19 patience=4/15
[cloudsen12_panopticon_full_finetune seed=42] epoch=24 train_loss=0.275107 val_miou=0.643654 best_epoch=19 patience=5/15
[cloudsen12_panopticon_full_finetune seed=42] epoch=25 train_loss=0.262447 val_miou=0.637500 best_epoch=19 patience=6/15
[cloudsen12_panopticon_full_finetune seed=42] epoch=26 train_loss=0.248125 val_miou=0.659604 best_epoch=26 patience=0/15
[cloudsen12_panopticon_full_finetune seed=42] epoch=27 train_loss=0.259014 val_miou=0.647950 best_epoch=26 patience=1/15
[cloudsen12_panopticon_full_finetune seed=42] epoch=28 train_loss=0.267925 val_miou=0.667677 best_epoch=28 patience=0/15
[cloudsen12_panopticon_full_finetune seed=42] epoch=29 train_loss=0.245428 val_miou=0.655266 best_epoch=28 patience=1/15
[cloudsen12_panopticon_full_finetune seed=42] epoch=30 train_loss=0.254212 val_miou=0.660232 best_epoch=28 patience=2/15
[cloudsen12_panopticon_full_finetune seed=42] epoch=31 train_loss=0.275933 val_miou=0.652094 best_epoch=28 patience=3/15
[cloudsen12_panopticon_full_finetune seed=42] epoch=32 train_loss=0.248241 val_miou=0.670405 best_epoch=32 patience=0/15
[cloudsen12_panopticon_full_finetune seed=42] epoch=33 train_loss=0.221527 val_miou=0.668238 best_epoch=32 patience=1/15
[cloudsen12_panopticon_full_finetune seed=42] epoch=34 train_loss=0.236022 val_miou=0.663202 best_epoch=32 patience=2/15
[cloudsen12_panopticon_full_finetune seed=42] epoch=35 train_loss=0.240200 val_miou=0.666510 best_epoch=32 patience=3/15
[cloudsen12_panopticon_full_finetune seed=42] epoch=36 train_loss=0.211833 val_miou=0.669807 best_epoch=32 patience=4/15
[cloudsen12_panopticon_full_finetune seed=42] epoch=37 train_loss=0.217706 val_miou=0.654911 best_epoch=32 patience=5/15
[cloudsen12_panopticon_full_finetune seed=42] epoch=38 train_loss=0.240778 val_miou=0.632364 best_epoch=32 patience=6/15
[cloudsen12_panopticon_full_finetune seed=42] epoch=39 train_loss=0.244700 val_miou=0.668478 best_epoch=32 patience=7/15
[cloudsen12_panopticon_full_finetune seed=42] epoch=40 train_loss=0.230638 val_miou=0.669895 best_epoch=32 patience=8/15
[cloudsen12_panopticon_full_finetune seed=42] epoch=41 train_loss=0.199534 val_miou=0.678656 best_epoch=41 patience=0/15
[cloudsen12_panopticon_full_finetune seed=42] epoch=42 train_loss=0.191349 val_miou=0.670434 best_epoch=41 patience=1/15
[cloudsen12_panopticon_full_finetune seed=42] epoch=43 train_loss=0.185823 val_miou=0.674298 best_epoch=41 patience=2/15
[cloudsen12_panopticon_full_finetune seed=42] epoch=44 train_loss=0.183659 val_miou=0.680470 best_epoch=44 patience=0/15
[cloudsen12_panopticon_full_finetune seed=42] epoch=45 train_loss=0.183690 val_miou=0.674565 best_epoch=44 patience=1/15
[cloudsen12_panopticon_full_finetune seed=42] epoch=46 train_loss=0.183525 val_miou=0.678315 best_epoch=44 patience=2/15
[cloudsen12_panopticon_full_finetune seed=42] epoch=47 train_loss=0.176716 val_miou=0.668453 best_epoch=44 patience=3/15
[cloudsen12_panopticon_full_finetune seed=42] epoch=48 train_loss=0.242375 val_miou=0.649707 best_epoch=44 patience=4/15
[cloudsen12_panopticon_full_finetune seed=42] epoch=49 train_loss=0.208409 val_miou=0.676796 best_epoch=44 patience=5/15
[cloudsen12_panopticon_full_finetune seed=42] epoch=50 train_loss=0.199879 val_miou=0.672657 best_epoch=44 patience=6/15
Wrote summary to /workspace/results/final_thesis/segmentation/cloudsen12_full_finetune/summaries/20260824T031407005476Z_summary_seed42_58b9a975.json
GPU=0 config_complete=2026-08-24T03:14:08Z
