GPU=1 config=configs/spacenet7_frozen_final.yaml seed=44 start=2026-08-24T13:10:21Z
Initializing normalizer from class: ZScoreNormalizer
Initializing normalizer from class: ZScoreNormalizer
Initializing normalizer from class: ZScoreNormalizer
[spacenet7_dofa_frozen seed=44] epoch=1 train_loss=0.229585 val_miou=0.472967 best_epoch=1 patience=0/10
[spacenet7_dofa_frozen seed=44] epoch=2 train_loss=0.167292 val_miou=0.476439 best_epoch=2 patience=0/10
[spacenet7_dofa_frozen seed=44] epoch=3 train_loss=0.159946 val_miou=0.477437 best_epoch=3 patience=0/10
[spacenet7_dofa_frozen seed=44] epoch=4 train_loss=0.154542 val_miou=0.472711 best_epoch=3 patience=1/10
[spacenet7_dofa_frozen seed=44] epoch=5 train_loss=0.150237 val_miou=0.483491 best_epoch=5 patience=0/10
[spacenet7_dofa_frozen seed=44] epoch=6 train_loss=0.147152 val_miou=0.475083 best_epoch=5 patience=1/10
[spacenet7_dofa_frozen seed=44] epoch=7 train_loss=0.143852 val_miou=0.474603 best_epoch=5 patience=2/10
[spacenet7_dofa_frozen seed=44] epoch=8 train_loss=0.141782 val_miou=0.485170 best_epoch=8 patience=0/10
[spacenet7_dofa_frozen seed=44] epoch=9 train_loss=0.138858 val_miou=0.486784 best_epoch=9 patience=0/10
[spacenet7_dofa_frozen seed=44] epoch=10 train_loss=0.136500 val_miou=0.480541 best_epoch=9 patience=1/10
[spacenet7_dofa_frozen seed=44] epoch=11 train_loss=0.133757 val_miou=0.484119 best_epoch=9 patience=2/10
[spacenet7_dofa_frozen seed=44] epoch=12 train_loss=0.131243 val_miou=0.482571 best_epoch=9 patience=3/10
[spacenet7_dofa_frozen seed=44] epoch=13 train_loss=0.132178 val_miou=0.477764 best_epoch=9 patience=4/10
[spacenet7_dofa_frozen seed=44] epoch=14 train_loss=0.128546 val_miou=0.486342 best_epoch=9 patience=5/10
[spacenet7_dofa_frozen seed=44] epoch=15 train_loss=0.125371 val_miou=0.480886 best_epoch=9 patience=6/10
[spacenet7_dofa_frozen seed=44] epoch=16 train_loss=0.123228 val_miou=0.488915 best_epoch=16 patience=0/10
[spacenet7_dofa_frozen seed=44] epoch=17 train_loss=0.122165 val_miou=0.485295 best_epoch=16 patience=1/10
[spacenet7_dofa_frozen seed=44] epoch=18 train_loss=0.120026 val_miou=0.481861 best_epoch=16 patience=2/10
[spacenet7_dofa_frozen seed=44] epoch=19 train_loss=0.118174 val_miou=0.484581 best_epoch=16 patience=3/10
[spacenet7_dofa_frozen seed=44] epoch=20 train_loss=0.116793 val_miou=0.485857 best_epoch=16 patience=4/10
[spacenet7_dofa_frozen seed=44] epoch=21 train_loss=0.115380 val_miou=0.490229 best_epoch=21 patience=0/10
[spacenet7_dofa_frozen seed=44] epoch=22 train_loss=0.115111 val_miou=0.482975 best_epoch=21 patience=1/10
[spacenet7_dofa_frozen seed=44] epoch=23 train_loss=0.112456 val_miou=0.486327 best_epoch=21 patience=2/10
[spacenet7_dofa_frozen seed=44] epoch=24 train_loss=0.111895 val_miou=0.488256 best_epoch=21 patience=3/10
[spacenet7_dofa_frozen seed=44] epoch=25 train_loss=0.109437 val_miou=0.488618 best_epoch=21 patience=4/10
[spacenet7_dofa_frozen seed=44] epoch=26 train_loss=0.108843 val_miou=0.491250 best_epoch=26 patience=0/10
[spacenet7_dofa_frozen seed=44] epoch=27 train_loss=0.106897 val_miou=0.489425 best_epoch=26 patience=1/10
[spacenet7_dofa_frozen seed=44] epoch=28 train_loss=0.105677 val_miou=0.491282 best_epoch=28 patience=0/10
[spacenet7_dofa_frozen seed=44] epoch=29 train_loss=0.105173 val_miou=0.490636 best_epoch=28 patience=1/10
[spacenet7_dofa_frozen seed=44] epoch=30 train_loss=0.103813 val_miou=0.491090 best_epoch=28 patience=2/10
[spacenet7_dofa_frozen seed=44] epoch=31 train_loss=0.102699 val_miou=0.493712 best_epoch=31 patience=0/10
[spacenet7_dofa_frozen seed=44] epoch=32 train_loss=0.101702 val_miou=0.487516 best_epoch=31 patience=1/10
[spacenet7_dofa_frozen seed=44] epoch=33 train_loss=0.101130 val_miou=0.491428 best_epoch=31 patience=2/10
[spacenet7_dofa_frozen seed=44] epoch=34 train_loss=0.100083 val_miou=0.490366 best_epoch=31 patience=3/10
[spacenet7_dofa_frozen seed=44] epoch=35 train_loss=0.098704 val_miou=0.494344 best_epoch=35 patience=0/10
[spacenet7_dofa_frozen seed=44] epoch=36 train_loss=0.097916 val_miou=0.491909 best_epoch=35 patience=1/10
[spacenet7_dofa_frozen seed=44] epoch=37 train_loss=0.097310 val_miou=0.495505 best_epoch=37 patience=0/10
[spacenet7_dofa_frozen seed=44] epoch=38 train_loss=0.096353 val_miou=0.492093 best_epoch=37 patience=1/10
[spacenet7_dofa_frozen seed=44] epoch=39 train_loss=0.095679 val_miou=0.488429 best_epoch=37 patience=2/10
[spacenet7_dofa_frozen seed=44] epoch=40 train_loss=0.097183 val_miou=0.491531 best_epoch=37 patience=3/10
[spacenet7_dofa_frozen seed=44] epoch=41 train_loss=0.095944 val_miou=0.480560 best_epoch=37 patience=4/10
[spacenet7_dofa_frozen seed=44] epoch=42 train_loss=0.097796 val_miou=0.495782 best_epoch=42 patience=0/10
[spacenet7_dofa_frozen seed=44] epoch=43 train_loss=0.092953 val_miou=0.494963 best_epoch=42 patience=1/10
[spacenet7_dofa_frozen seed=44] epoch=44 train_loss=0.092101 val_miou=0.497525 best_epoch=44 patience=0/10
[spacenet7_dofa_frozen seed=44] epoch=45 train_loss=0.091725 val_miou=0.493889 best_epoch=44 patience=1/10
[spacenet7_dofa_frozen seed=44] epoch=46 train_loss=0.091319 val_miou=0.493852 best_epoch=44 patience=2/10
[spacenet7_dofa_frozen seed=44] epoch=47 train_loss=0.090752 val_miou=0.494867 best_epoch=44 patience=3/10
[spacenet7_dofa_frozen seed=44] epoch=48 train_loss=0.090876 val_miou=0.493911 best_epoch=44 patience=4/10
[spacenet7_dofa_frozen seed=44] epoch=49 train_loss=0.090190 val_miou=0.497102 best_epoch=44 patience=5/10
[spacenet7_dofa_frozen seed=44] epoch=50 train_loss=0.089989 val_miou=0.490785 best_epoch=44 patience=6/10
Initializing normalizer from class: ZScoreNormalizer
Initializing normalizer from class: ZScoreNormalizer
Initializing normalizer from class: ZScoreNormalizer
[spacenet7_panopticon_frozen seed=44] epoch=1 train_loss=0.223307 val_miou=0.478516 best_epoch=1 patience=0/10
[spacenet7_panopticon_frozen seed=44] epoch=2 train_loss=0.159987 val_miou=0.485366 best_epoch=2 patience=0/10
[spacenet7_panopticon_frozen seed=44] epoch=3 train_loss=0.151507 val_miou=0.483778 best_epoch=2 patience=1/10
[spacenet7_panopticon_frozen seed=44] epoch=4 train_loss=0.145909 val_miou=0.491826 best_epoch=4 patience=0/10
[spacenet7_panopticon_frozen seed=44] epoch=5 train_loss=0.141910 val_miou=0.487243 best_epoch=4 patience=1/10
[spacenet7_panopticon_frozen seed=44] epoch=6 train_loss=0.138343 val_miou=0.494488 best_epoch=6 patience=0/10
[spacenet7_panopticon_frozen seed=44] epoch=7 train_loss=0.134116 val_miou=0.485182 best_epoch=6 patience=1/10
[spacenet7_panopticon_frozen seed=44] epoch=8 train_loss=0.130933 val_miou=0.498256 best_epoch=8 patience=0/10
[spacenet7_panopticon_frozen seed=44] epoch=9 train_loss=0.127988 val_miou=0.497704 best_epoch=8 patience=1/10
[spacenet7_panopticon_frozen seed=44] epoch=10 train_loss=0.129704 val_miou=0.482688 best_epoch=8 patience=2/10
[spacenet7_panopticon_frozen seed=44] epoch=11 train_loss=0.129172 val_miou=0.493827 best_epoch=8 patience=3/10
[spacenet7_panopticon_frozen seed=44] epoch=12 train_loss=0.122985 val_miou=0.503051 best_epoch=12 patience=0/10
[spacenet7_panopticon_frozen seed=44] epoch=13 train_loss=0.119875 val_miou=0.490785 best_epoch=12 patience=1/10
[spacenet7_panopticon_frozen seed=44] epoch=14 train_loss=0.117824 val_miou=0.500203 best_epoch=12 patience=2/10
[spacenet7_panopticon_frozen seed=44] epoch=15 train_loss=0.115544 val_miou=0.501576 best_epoch=12 patience=3/10
[spacenet7_panopticon_frozen seed=44] epoch=16 train_loss=0.113959 val_miou=0.507866 best_epoch=16 patience=0/10
[spacenet7_panopticon_frozen seed=44] epoch=17 train_loss=0.112333 val_miou=0.501069 best_epoch=16 patience=1/10
[spacenet7_panopticon_frozen seed=44] epoch=18 train_loss=0.110603 val_miou=0.505540 best_epoch=16 patience=2/10
[spacenet7_panopticon_frozen seed=44] epoch=19 train_loss=0.110031 val_miou=0.502669 best_epoch=16 patience=3/10
[spacenet7_panopticon_frozen seed=44] epoch=20 train_loss=0.107862 val_miou=0.496760 best_epoch=16 patience=4/10
[spacenet7_panopticon_frozen seed=44] epoch=21 train_loss=0.105567 val_miou=0.501611 best_epoch=16 patience=5/10
[spacenet7_panopticon_frozen seed=44] epoch=22 train_loss=0.105356 val_miou=0.501931 best_epoch=16 patience=6/10
[spacenet7_panopticon_frozen seed=44] epoch=23 train_loss=0.102774 val_miou=0.509727 best_epoch=23 patience=0/10
[spacenet7_panopticon_frozen seed=44] epoch=24 train_loss=0.101692 val_miou=0.504740 best_epoch=23 patience=1/10
[spacenet7_panopticon_frozen seed=44] epoch=25 train_loss=0.100964 val_miou=0.501215 best_epoch=23 patience=2/10
[spacenet7_panopticon_frozen seed=44] epoch=26 train_loss=0.098933 val_miou=0.510361 best_epoch=26 patience=0/10
[spacenet7_panopticon_frozen seed=44] epoch=27 train_loss=0.097718 val_miou=0.507053 best_epoch=26 patience=1/10
[spacenet7_panopticon_frozen seed=44] epoch=28 train_loss=0.096358 val_miou=0.506070 best_epoch=26 patience=2/10
[spacenet7_panopticon_frozen seed=44] epoch=29 train_loss=0.096486 val_miou=0.510553 best_epoch=29 patience=0/10
[spacenet7_panopticon_frozen seed=44] epoch=30 train_loss=0.094482 val_miou=0.506183 best_epoch=29 patience=1/10
[spacenet7_panopticon_frozen seed=44] epoch=31 train_loss=0.093566 val_miou=0.509365 best_epoch=29 patience=2/10
[spacenet7_panopticon_frozen seed=44] epoch=32 train_loss=0.092328 val_miou=0.508848 best_epoch=29 patience=3/10
[spacenet7_panopticon_frozen seed=44] epoch=33 train_loss=0.091602 val_miou=0.498278 best_epoch=29 patience=4/10
[spacenet7_panopticon_frozen seed=44] epoch=34 train_loss=0.095415 val_miou=0.507233 best_epoch=29 patience=5/10
[spacenet7_panopticon_frozen seed=44] epoch=35 train_loss=0.089891 val_miou=0.510692 best_epoch=35 patience=0/10
[spacenet7_panopticon_frozen seed=44] epoch=36 train_loss=0.089316 val_miou=0.510849 best_epoch=36 patience=0/10
[spacenet7_panopticon_frozen seed=44] epoch=37 train_loss=0.089743 val_miou=0.513468 best_epoch=37 patience=0/10
[spacenet7_panopticon_frozen seed=44] epoch=38 train_loss=0.087526 val_miou=0.509422 best_epoch=37 patience=1/10
[spacenet7_panopticon_frozen seed=44] epoch=39 train_loss=0.086470 val_miou=0.509742 best_epoch=37 patience=2/10
[spacenet7_panopticon_frozen seed=44] epoch=40 train_loss=0.086624 val_miou=0.511096 best_epoch=37 patience=3/10
[spacenet7_panopticon_frozen seed=44] epoch=41 train_loss=0.085506 val_miou=0.511071 best_epoch=37 patience=4/10
[spacenet7_panopticon_frozen seed=44] epoch=42 train_loss=0.084976 val_miou=0.510991 best_epoch=37 patience=5/10
[spacenet7_panopticon_frozen seed=44] epoch=43 train_loss=0.084476 val_miou=0.513322 best_epoch=37 patience=6/10
[spacenet7_panopticon_frozen seed=44] epoch=44 train_loss=0.083468 val_miou=0.515095 best_epoch=44 patience=0/10
[spacenet7_panopticon_frozen seed=44] epoch=45 train_loss=0.083174 val_miou=0.509379 best_epoch=44 patience=1/10
[spacenet7_panopticon_frozen seed=44] epoch=46 train_loss=0.082455 val_miou=0.511492 best_epoch=44 patience=2/10
[spacenet7_panopticon_frozen seed=44] epoch=47 train_loss=0.081606 val_miou=0.514959 best_epoch=44 patience=3/10
[spacenet7_panopticon_frozen seed=44] epoch=48 train_loss=0.081582 val_miou=0.510677 best_epoch=44 patience=4/10
[spacenet7_panopticon_frozen seed=44] epoch=49 train_loss=0.083437 val_miou=0.515341 best_epoch=49 patience=0/10
[spacenet7_panopticon_frozen seed=44] epoch=50 train_loss=0.080469 val_miou=0.513720 best_epoch=49 patience=1/10
Wrote summary to /workspace/results/final_thesis/segmentation/spacenet7_frozen/summaries/20260824T152553049526Z_summary_seed44_d51e0f5e.json
GPU=1 config=configs/spacenet7_frozen_final.yaml seed=44 complete=2026-08-24T15:25:54Z
