GPU=1 experiment=cloudsen12_panopticon_frozen seed=42 start=2026-08-24T02:46:33Z
Initializing normalizer from class: ZScoreNormalizer
Initializing normalizer from class: ZScoreNormalizer
Initializing normalizer from class: ZScoreNormalizer
[cloudsen12_panopticon_frozen seed=42] epoch=1 train_loss=0.687276 val_miou=0.564687 best_epoch=1 patience=0/10
[cloudsen12_panopticon_frozen seed=42] epoch=2 train_loss=0.473260 val_miou=0.631626 best_epoch=2 patience=0/10
[cloudsen12_panopticon_frozen seed=42] epoch=3 train_loss=0.414970 val_miou=0.629516 best_epoch=2 patience=1/10
[cloudsen12_panopticon_frozen seed=42] epoch=4 train_loss=0.385566 val_miou=0.633931 best_epoch=4 patience=0/10
[cloudsen12_panopticon_frozen seed=42] epoch=5 train_loss=0.367515 val_miou=0.639296 best_epoch=5 patience=0/10
[cloudsen12_panopticon_frozen seed=42] epoch=6 train_loss=0.341516 val_miou=0.657194 best_epoch=6 patience=0/10
[cloudsen12_panopticon_frozen seed=42] epoch=7 train_loss=0.328786 val_miou=0.635510 best_epoch=6 patience=1/10
[cloudsen12_panopticon_frozen seed=42] epoch=8 train_loss=0.318555 val_miou=0.640862 best_epoch=6 patience=2/10
[cloudsen12_panopticon_frozen seed=42] epoch=9 train_loss=0.302478 val_miou=0.651029 best_epoch=6 patience=3/10
[cloudsen12_panopticon_frozen seed=42] epoch=10 train_loss=0.292808 val_miou=0.649595 best_epoch=6 patience=4/10
[cloudsen12_panopticon_frozen seed=42] epoch=11 train_loss=0.280241 val_miou=0.658101 best_epoch=11 patience=0/10
[cloudsen12_panopticon_frozen seed=42] epoch=12 train_loss=0.281613 val_miou=0.630274 best_epoch=11 patience=1/10
[cloudsen12_panopticon_frozen seed=42] epoch=13 train_loss=0.266793 val_miou=0.664898 best_epoch=13 patience=0/10
[cloudsen12_panopticon_frozen seed=42] epoch=14 train_loss=0.257198 val_miou=0.662842 best_epoch=13 patience=1/10
[cloudsen12_panopticon_frozen seed=42] epoch=15 train_loss=0.250215 val_miou=0.667252 best_epoch=15 patience=0/10
[cloudsen12_panopticon_frozen seed=42] epoch=16 train_loss=0.247303 val_miou=0.660659 best_epoch=15 patience=1/10
[cloudsen12_panopticon_frozen seed=42] epoch=17 train_loss=0.241472 val_miou=0.657595 best_epoch=15 patience=2/10
[cloudsen12_panopticon_frozen seed=42] epoch=18 train_loss=0.236652 val_miou=0.664205 best_epoch=15 patience=3/10
[cloudsen12_panopticon_frozen seed=42] epoch=19 train_loss=0.241910 val_miou=0.665572 best_epoch=15 patience=4/10
[cloudsen12_panopticon_frozen seed=42] epoch=20 train_loss=0.227425 val_miou=0.667288 best_epoch=20 patience=0/10
[cloudsen12_panopticon_frozen seed=42] epoch=21 train_loss=0.221794 val_miou=0.666318 best_epoch=20 patience=1/10
[cloudsen12_panopticon_frozen seed=42] epoch=22 train_loss=0.223661 val_miou=0.668237 best_epoch=22 patience=0/10
[cloudsen12_panopticon_frozen seed=42] epoch=23 train_loss=0.225470 val_miou=0.668999 best_epoch=23 patience=0/10
[cloudsen12_panopticon_frozen seed=42] epoch=24 train_loss=0.214293 val_miou=0.667007 best_epoch=23 patience=1/10
[cloudsen12_panopticon_frozen seed=42] epoch=25 train_loss=0.217454 val_miou=0.665123 best_epoch=23 patience=2/10
[cloudsen12_panopticon_frozen seed=42] epoch=26 train_loss=0.209800 val_miou=0.666052 best_epoch=23 patience=3/10
[cloudsen12_panopticon_frozen seed=42] epoch=27 train_loss=0.204930 val_miou=0.665130 best_epoch=23 patience=4/10
[cloudsen12_panopticon_frozen seed=42] epoch=28 train_loss=0.203756 val_miou=0.663540 best_epoch=23 patience=5/10
[cloudsen12_panopticon_frozen seed=42] epoch=29 train_loss=0.201031 val_miou=0.671474 best_epoch=29 patience=0/10
[cloudsen12_panopticon_frozen seed=42] epoch=30 train_loss=0.199055 val_miou=0.663448 best_epoch=29 patience=1/10
[cloudsen12_panopticon_frozen seed=42] epoch=31 train_loss=0.197506 val_miou=0.653275 best_epoch=29 patience=2/10
[cloudsen12_panopticon_frozen seed=42] epoch=32 train_loss=0.197010 val_miou=0.663374 best_epoch=29 patience=3/10
[cloudsen12_panopticon_frozen seed=42] epoch=33 train_loss=0.194818 val_miou=0.667336 best_epoch=29 patience=4/10
[cloudsen12_panopticon_frozen seed=42] epoch=34 train_loss=0.188209 val_miou=0.664350 best_epoch=29 patience=5/10
[cloudsen12_panopticon_frozen seed=42] epoch=35 train_loss=0.188637 val_miou=0.663739 best_epoch=29 patience=6/10
[cloudsen12_panopticon_frozen seed=42] epoch=36 train_loss=0.183612 val_miou=0.663959 best_epoch=29 patience=7/10
[cloudsen12_panopticon_frozen seed=42] epoch=37 train_loss=0.183258 val_miou=0.665818 best_epoch=29 patience=8/10
[cloudsen12_panopticon_frozen seed=42] epoch=38 train_loss=0.183166 val_miou=0.660131 best_epoch=29 patience=9/10
[cloudsen12_panopticon_frozen seed=42] epoch=39 train_loss=0.183071 val_miou=0.664987 best_epoch=29 patience=10/10
Wrote summary to /workspace/results/final_thesis/segmentation/cloudsen12_frozen/summaries/20260824T041210972291Z_summary_seed42_d8432273.json
GPU=1 experiment_complete=2026-08-24T04:12:12Z
